[10-03 20:10:07] status: 0/15 done, 15 queued, 0 running on 0 VMs, spent $4.87
[10-03 20:11:09] create mhc-exp13-582072 (v6e-8) in asia-southeast1-b failed: quota (Quota limit 'TPUV6EPreemptiblePerProjectPerZoneForTPUAPI' has been exceeded. Limit: 16 in zone asia-southeast1-b.)
[10-03 20:11:10] create mhc-exp13-582071 (v6e-8) in asia-southeast1-b failed: quota (Quota limit 'TPUV6EPreemptiblePerProjectPerZoneForTPUAPI' has been exceeded. Limit: 16 in zone asia-southeast1-b.)
[10-03 20:11:53] create mhc-exp13-582072 (v6e-4) in asia-southeast1-b failed: capacity
[10-03 20:12:14] create mhc-exp13-582071 (v6e-4) in asia-southeast1-b failed: quota (Quota limit 'TPUV6EPreemptiblePerProjectPerZoneForTPUAPI' has been exceeded. Limit: 16 in zone asia-southeast1-b.)
[10-03 20:12:27] create mhc-exp13-582072 (v6e-1) in asia-southeast1-b failed: capacity
[10-03 20:12:35] create mhc-exp13-582072 (v6e-8) in us-central1-a failed: capacity
[10-03 20:13:08] create mhc-exp13-582072 (v6e-4) in us-central1-a failed: capacity
[10-03 20:13:37] create mhc-exp13-582071 (v6e-1) in asia-southeast1-b failed: capacity
[10-03 20:13:46] create mhc-exp13-582072 (v6e-1) in us-central1-a failed: quota (Quota limit 'TPUV6EPreemptiblePerProjectPerZoneForTPUAPI' has been exceeded. Limit: 16 in zone us-central1-a.)
[10-03 20:14:10] create mhc-exp13-582071 (v6e-8) in us-central1-a failed: capacity
[10-03 20:15:10] create mhc-exp13-582071 (v6e-4) in us-central1-a failed: capacity
[10-03 20:15:45] create mhc-exp13-582071 (v6e-1) in us-central1-a failed: capacity
[10-03 20:16:32] create mhc-exp13-582071 (v6e-8) in us-central1-b failed: quota (Quota limit 'TPUV6EPreemptiblePerProjectPerZoneForTPUAPI' has been exceeded. Limit: 16 in zone us-central1-b.)
[10-03 20:17:19] create mhc-exp13-582071 (v6e-4) in us-central1-b failed: quota (Quota limit 'TPUV6EPreemptiblePerProjectPerZoneForTPUAPI' has been exceeded. Limit: 16 in zone us-central1-b.)
[10-03 20:18:04] create mhc-exp13-582071 (v6e-1) in us-central1-b failed: quota (Quota limit 'TPUV6EPreemptiblePerProjectPerZoneForTPUAPI' has been exceeded. Limit: 16 in zone us-central1-b.)
[10-03 20:18:12] create mhc-exp13-582071 (v6e-8) in us-central1-c failed: capacity
[10-03 20:18:20] create mhc-exp13-582071 (v6e-4) in us-central1-c failed: capacity
[10-03 20:18:25] create mhc-exp13-582071 (v6e-1) in us-central1-c failed: capacity
[10-03 20:18:58] create mhc-exp13-582072 (v6e-8) in us-central1-b failed: an internal error has occurred
[10-03 20:19:24] create mhc-exp13-582071 (v6e-8) in us-east1-d failed: quota (Quota limit 'TPUV6EPreemptiblePerProjectPerZoneForTPUAPI' has been exceeded. Limit: 16 in zone us-east1-d.)
[10-03 20:19:55] create mhc-exp13-582072 (v6e-8) in us-east1-d failed: quota (Quota limit 'TPUV6EPreemptiblePerProjectPerZoneForTPUAPI' has been exceeded. Limit: 16 in zone us-east1-d.)
[10-03 20:20:25] create mhc-exp13-582071 (v6e-4) in us-east1-d failed: quota (Quota limit 'TPUV6EPreemptiblePerProjectPerZoneForTPUAPI' has been exceeded. Limit: 16 in zone us-east1-d.)
[10-03 20:20:51] create mhc-exp13-582072 (v6e-4) in us-east1-d failed: quota (Quota limit 'TPUV6EPreemptiblePerProjectPerZoneForTPUAPI' has been exceeded. Limit: 16 in zone us-east1-d.)
[10-03 20:21:11] this batch now runs in a shared controller with exp11_v6e_check, exp13_d384_long, exp12_d384_lr_grid, exp14_head_parts; its log is results/exp11_v6e_check/controller.log
[10-03 20:51:00] this batch now runs in a shared controller with exp11_v6e_check, exp15_d768_v6e, exp12_d384_lr_grid, exp14_head_parts, exp13_d384_long; its log is results/exp11_v6e_check/controller.log
[10-03 21:05:12] this batch now runs in a shared controller with exp11_v6e_check, exp15_d768_v6e, exp12_d384_lr_grid, exp14_head_parts, exp13_d384_long; its log is results/exp11_v6e_check/controller.log
[10-03 21:17:40] this batch now runs in a shared controller with exp11_v6e_check, exp15_d768_v6e, exp12_d384_lr_grid, exp14_head_parts, exp13_d384_long; its log is results/exp11_v6e_check/controller.log
[10-03 21:25:07] this batch now runs in a shared controller with exp11_v6e_check, exp15_d768_v6e, exp12_d384_lr_grid, exp14_head_parts, exp13_d384_long; its log is results/exp11_v6e_check/controller.log
[10-03 21:26:59] this batch now runs in a shared controller with exp11_v6e_check, exp15_d768_v6e, exp12_d384_lr_grid, exp14_head_parts, exp13_d384_long; its log is results/exp11_v6e_check/controller.log
[10-03 21:51:31] this batch now runs in a shared controller with exp11_v6e_check, exp15_d768_v6e, exp12_d384_lr_grid, exp14_head_parts, exp13_d384_long; its log is results/exp11_v6e_check/controller.log
[10-03 22:27:10] this batch now runs in a shared controller with exp11_v6e_check, exp15_d768_v6e, exp12_d384_lr_grid, exp14_head_parts, exp13_d384_long; its log is results/exp11_v6e_check/controller.log
[10-03 23:52:52] this batch now runs in a shared controller with exp09_d768_lr, exp13_d384_long; its log is results/exp09_d768_lr/controller.log
[10-03 23:54:15] this batch now runs in a shared controller with exp09_d768_lr, exp13_d384_long; its log is results/exp09_d768_lr/controller.log
